// Jest Snapshot v1, https://goo.gl/fbAQLP

exports[`tooltip/presenters/PointerPresenter renders 1`] = `
.emotion-0 .hig__flyout-v1__pointer-border {
  fill: #393939;
}

.emotion-0 .hig__flyout-v1__pointer-background {
  fill: #393939;
}

<svg
  className="emotion-0"
  height="12"
  viewBox="0 0 12 12"
  width="12"
>
  <polygon
    className="hig__flyout-v1__pointer-border"
    points="0,6 6,0 12,6"
  />
  <polygon
    className="hig__flyout-v1__pointer-background"
    points="2.5,6 6,2.5 9.5,6"
  />
</svg>
`;
