// Jest Snapshot v1, https://goo.gl/fbAQLP

exports[`flyout/FlyoutPresenter/FlyoutPresenter renders with all props 1`] = `
.emotion-0 {
  border-width: 1px;
  border-style: solid;
  border-color: transparent;
  border-radius: 4px;
  box-sizing: border-box;
  color: #f5f5f5;
  cursor: pointer;
  display: inline-block;
  font-family: ArtifaktElement,sans-serif;
  font-size: 14px;
  font-weight: 400;
  line-height: 34px;
  margin: 0;
  overflow: hidden;
  text-align: center;
  -webkit-text-decoration: none;
  text-decoration: none;
  text-overflow: ellipsis;
  -webkit-user-select: none;
  -moz-user-select: none;
  -ms-user-select: none;
  user-select: none;
  white-space: nowrap;
  -moz-osx-font-smoothing: grayscale;
  -webkit-font-smoothing: antialiased;
  background: #0696d7;
  height: 36px;
  min-width: 68px;
  padding: 0 16px;
}

.emotion-0:visited {
  color: #f5f5f5;
}

.emotion-0 svg * {
  fill: #f5f5f5;
}

<div
  className="hig__flyout-v1 hig__flyout-v1--top-center"
>
  <div
    className="hig__flyout-v1__action"
  >
    <button
      className="emotion-0"
      href={undefined}
      onBlur={[Function]}
      onClick={undefined}
      onFocus={[Function]}
      onMouseDown={[Function]}
      onMouseEnter={[Function]}
      onMouseLeave={[Function]}
      onMouseOver={undefined}
      onMouseUp={[Function]}
      tabIndex="0"
      target={undefined}
    >
      <span
        className="hig__button__title"
      >
        Hello
      </span>
    </button>
  </div>
  <div
    className="hig__flyout-v1__container"
    style={
      Object {
        "left": "42px",
        "top": "42px",
      }
    }
  >
    <div
      aria-hidden="true"
      className="hig__flyout-v1__pointer-wrapper"
      role="presentation"
      style={
        Object {
          "left": "42px",
          "top": "42px",
        }
      }
    >
      <div>
        I am a custom pointer
      </div>
    </div>
  </div>
</div>
`;

exports[`flyout/FlyoutPresenter/FlyoutPresenter renders without props 1`] = `
<div
  className="hig__flyout-v1 hig__flyout-v1--exited hig__flyout-v1--top-left"
>
  <div
    className="hig__flyout-v1__action"
  />
  <div
    className="hig__flyout-v1__container"
    style={
      Object {
        "left": "0px",
        "top": "0px",
      }
    }
  >
    <div
      aria-hidden="true"
      className="hig__flyout-v1__pointer-wrapper"
      role="presentation"
      style={
        Object {
          "left": "0px",
          "top": "0px",
        }
      }
    >
      <svg
        height="24"
        viewBox="0 0 24 24"
        width="24"
      >
        <polygon
          fill="#d4dbe1"
          points="0,12 12,0 24,12"
        />
        <polygon
          fill="#fff"
          points="2.5,12 12,2.5 21.5,12"
        />
      </svg>
    </div>
  </div>
</div>
`;
