// Jest Snapshot v1, https://goo.gl/fbAQLP

exports[`tooltip/Tooltip  1`] = `
<div
  className="hig__flyout-v1 hig__flyout-v1--hidden hig__flyout-v1--top-left"
>
  <div
    className="hig__flyout-v1__action"
  />
  <div
    className="hig__flyout-v1__container"
    style={
      Object {
        "left": "0px",
        "top": "0px",
      }
    }
  >
    <div
      aria-hidden="true"
      className="hig__flyout-v1__pointer-wrapper"
      role="presentation"
      style={
        Object {
          "left": "0px",
          "top": "0px",
        }
      }
    >
      <svg
        height="12"
        viewBox="0 0 12 12"
        width="12"
      >
        <polygon
          fill="#393939"
          points="0,6 6,0 12,6"
        />
        <polygon
          fill="#393939"
          points="2.5,6 6,2.5 9.5,6"
        />
      </svg>
    </div>
    <div
      className="hig__tooltip-v1__panel"
      onScroll={undefined}
      style={
        Object {
          "maxHeight": undefined,
        }
      }
    >
      <div
        className="hig__tooltip-v1__panel__inner"
      />
    </div>
  </div>
</div>
`;

exports[`tooltip/Tooltip  2`] = `
.emotion-0 {
  border-width: 1px;
  border-style: solid;
  border-color: transparent;
  border-radius: 4px;
  box-sizing: border-box;
  color: #f5f5f5;
  cursor: pointer;
  display: inline-block;
  font-family: ArtifaktElement,sans-serif;
  font-size: 14px;
  font-weight: 400;
  line-height: 34px;
  margin: 0;
  overflow: hidden;
  text-align: center;
  -webkit-text-decoration: none;
  text-decoration: none;
  text-overflow: ellipsis;
  -webkit-user-select: none;
  -moz-user-select: none;
  -ms-user-select: none;
  user-select: none;
  white-space: nowrap;
  -moz-osx-font-smoothing: grayscale;
  -webkit-font-smoothing: antialiased;
  background: #0696d7;
  height: 36px;
  min-width: 68px;
  padding: 0 16px;
}

.emotion-0:visited {
  color: #f5f5f5;
}

.emotion-0 svg * {
  fill: #f5f5f5;
}

<div
  className="hig__flyout-v1 hig__flyout-v1--top-left"
>
  <div
    className="hig__flyout-v1__action"
  >
    <button
      className="emotion-0"
      href={undefined}
      onBlur={[Function]}
      onClick={[Function]}
      onFocus={[Function]}
      onMouseDown={[Function]}
      onMouseEnter={[Function]}
      onMouseLeave={[Function]}
      onMouseOver={undefined}
      onMouseUp={[Function]}
      tabIndex="0"
      target={undefined}
    >
      <span
        className="hig__button__title"
      >
        Click Me
      </span>
    </button>
  </div>
  <div
    className="hig__flyout-v1__container"
    style={
      Object {
        "left": "0px",
        "top": "0px",
      }
    }
  >
    <div
      aria-hidden="true"
      className="hig__flyout-v1__pointer-wrapper"
      role="presentation"
      style={
        Object {
          "left": "0px",
          "top": "0px",
        }
      }
    >
      <svg
        height="12"
        viewBox="0 0 12 12"
        width="12"
      >
        <polygon
          fill="#393939"
          points="0,6 6,0 12,6"
        />
        <polygon
          fill="#393939"
          points="2.5,6 6,2.5 9.5,6"
        />
      </svg>
    </div>
    <div
      className="hig__tooltip-v1__panel"
      onScroll={[Function]}
      style={
        Object {
          "maxHeight": "150px",
        }
      }
    >
      <div
        className="hig__tooltip-v1__panel__inner"
      >
        Hello World
      </div>
    </div>
  </div>
</div>
`;
